const empty_BT

const empty_Tree

func Main [in 0, out 0, local 2]
local[0] = $s0
local[1] = $s1
$a0 = :empty_BT
call :BT.Start
$s1 = $v0
PrintIntS($s1)
$s0 = local[0]
$s1 = local[1]
ret

func BT.Start [in 0, out 0, local 7]
local[0] = $s0
local[1] = $s1
local[2] = $s2
local[3] = $s3
local[4] = $s4
local[5] = $s5
local[6] = $s6
$s4 = $a0
$s4 = HeapAllocZ(24)
if $s4 goto :null1
Error("null pointer")
null1:
$a0 = $s4
$a1 = 16
call :Tree.Init
$s6 = $v0
if $s4 goto :null2
Error("null pointer")
null2:
$a0 = $s4
call :Tree.Print
$s6 = $v0
PrintIntS(100000000)
if $s4 goto :null3
Error("null pointer")
null3:
$a0 = $s4
$a1 = 8
call :Tree.Insert
$s6 = $v0
if $s4 goto :null4
Error("null pointer")
null4:
$a0 = $s4
call :Tree.Print
$s6 = $v0
if $s4 goto :null5
Error("null pointer")
null5:
$a0 = $s4
$a1 = 24
call :Tree.Insert
$s6 = $v0
if $s4 goto :null6
Error("null pointer")
null6:
$a0 = $s4
$a1 = 4
call :Tree.Insert
$s6 = $v0
if $s4 goto :null7
Error("null pointer")
null7:
$a0 = $s4
$a1 = 12
call :Tree.Insert
$s6 = $v0
if $s4 goto :null8
Error("null pointer")
null8:
$a0 = $s4
$a1 = 20
call :Tree.Insert
$s6 = $v0
if $s4 goto :null9
Error("null pointer")
null9:
$a0 = $s4
$a1 = 28
call :Tree.Insert
$s6 = $v0
if $s4 goto :null10
Error("null pointer")
null10:
$a0 = $s4
$a1 = 14
call :Tree.Insert
$s6 = $v0
if $s4 goto :null11
Error("null pointer")
null11:
$a0 = $s4
call :Tree.Print
$s6 = $v0
if $s4 goto :null12
Error("null pointer")
null12:
$a0 = $s4
$a1 = 24
call :Tree.Search
$s1 = $v0
PrintIntS($s1)
if $s4 goto :null13
Error("null pointer")
null13:
$a0 = $s4
$a1 = 12
call :Tree.Search
$s1 = $v0
PrintIntS($s1)
if $s4 goto :null14
Error("null pointer")
null14:
$a0 = $s4
$a1 = 16
call :Tree.Search
$s1 = $v0
PrintIntS($s1)
if $s4 goto :null15
Error("null pointer")
null15:
$a0 = $s4
$a1 = 50
call :Tree.Search
$s1 = $v0
PrintIntS($s1)
if $s4 goto :null16
Error("null pointer")
null16:
$a0 = $s4
$a1 = 12
call :Tree.Search
$s1 = $v0
PrintIntS($s1)
if $s4 goto :null17
Error("null pointer")
null17:
$a0 = $s4
$a1 = 12
call :Tree.Delete
$s6 = $v0
if $s4 goto :null18
Error("null pointer")
null18:
$a0 = $s4
call :Tree.Print
$s6 = $v0
if $s4 goto :null19
Error("null pointer")
null19:
$a0 = $s4
$a1 = 12
call :Tree.Search
$s0 = $v0
PrintIntS($s0)
$v0 = 0
$s0 = local[0]
$s1 = local[1]
$s2 = local[2]
$s3 = local[3]
$s4 = local[4]
$s5 = local[5]
$s6 = local[6]
ret

func Tree.Init [in 0, out 0, local 2]
local[0] = $s0
local[1] = $s1
$s0 = $a0
$s1 = $a1
[$s0+8] = $s1
[$s0+12] = 0
[$s0+16] = 0
$v0 = 1
$s0 = local[0]
$s1 = local[1]
ret

func Tree.SetRight [in 0, out 0, local 2]
local[0] = $s0
local[1] = $s1
$s1 = $a0
$s0 = $a1
[$s1+4] = $s0
$v0 = 1
$s0 = local[0]
$s1 = local[1]
ret

func Tree.SetLeft [in 0, out 0, local 2]
local[0] = $s0
local[1] = $s1
$s1 = $a0
$s0 = $a1
[$s1+0] = $s0
$v0 = 1
$s0 = local[0]
$s1 = local[1]
ret

func Tree.GetRight [in 0, out 0, local 2]
local[0] = $s0
local[1] = $s1
$s0 = $a0
$s1 = [$s0+4]
$v0 = $s1
$s0 = local[0]
$s1 = local[1]
ret

func Tree.GetLeft [in 0, out 0, local 2]
local[0] = $s0
local[1] = $s1
$s0 = $a0
$s1 = [$s0+0]
$v0 = $s1
$s0 = local[0]
$s1 = local[1]
ret

func Tree.GetKey [in 0, out 0, local 2]
local[0] = $s0
local[1] = $s1
$s0 = $a0
$s1 = [$s0+8]
$v0 = $s1
$s0 = local[0]
$s1 = local[1]
ret

func Tree.SetKey [in 0, out 0, local 2]
local[0] = $s0
local[1] = $s1
$s0 = $a0
$s1 = $a1
[$s0+8] = $s1
$v0 = 1
$s0 = local[0]
$s1 = local[1]
ret

func Tree.GetHas_Right [in 0, out 0, local 2]
local[0] = $s0
local[1] = $s1
$s0 = $a0
$s1 = [$s0+16]
$v0 = $s1
$s0 = local[0]
$s1 = local[1]
ret

func Tree.GetHas_Left [in 0, out 0, local 2]
local[0] = $s0
local[1] = $s1
$s0 = $a0
$s1 = [$s0+12]
$v0 = $s1
$s0 = local[0]
$s1 = local[1]
ret

func Tree.SetHas_Left [in 0, out 0, local 2]
local[0] = $s0
local[1] = $s1
$s0 = $a0
$s1 = $a1
[$s0+12] = $s1
$v0 = 1
$s0 = local[0]
$s1 = local[1]
ret

func Tree.SetHas_Right [in 0, out 0, local 2]
local[0] = $s0
local[1] = $s1
$s0 = $a0
$s1 = $a1
[$s0+16] = $s1
$v0 = 1
$s0 = local[0]
$s1 = local[1]
ret

func Tree.Compare [in 0, out 0, local 5]
local[0] = $s0
local[1] = $s1
local[2] = $s2
local[3] = $s3
local[4] = $s4
$s1 = $a0
$s0 = $a1
$s2 = $a2
$s1 = 0
$s3 = Add($s2 1)
$s4 = LtS($s0 $s2)
if0 $s4 goto :if1_else
$s1 = 0
goto :if1_end
if1_else:
$s2 = LtS($s0 $s3)
if $s2 goto :if2_else
$s1 = 0
goto :if2_end
if2_else:
$s1 = 1
if2_end:
if1_end:
$v0 = $s1
$s0 = local[0]
$s1 = local[1]
$s2 = local[2]
$s3 = local[3]
$s4 = local[4]
ret

func Tree.Insert [in 0, out 0, local 16]
local[0] = $s0
local[1] = $s1
local[2] = $s2
local[3] = $s3
local[4] = $s4
local[5] = $s5
local[6] = $s6
local[7] = $s7
$s5 = $a0
$t2 = $a1
$t4 = HeapAllocZ(24)
if $t4 goto :null20
Error("null pointer")
null20:
local[8] = $t0
local[9] = $t1
local[10] = $t2
local[11] = $t3
local[12] = $t4
local[13] = $t5
local[14] = $t6
local[15] = $t7
$a0 = $t4
$a1 = $t2
call :Tree.Init
$t0 = local[8]
$t1 = local[9]
$t2 = local[10]
$t3 = local[11]
$t4 = local[12]
$t5 = local[13]
$t6 = local[14]
$t7 = local[15]
$t5 = $v0
$t6 = $s5
$s7 = 1
while1_top:
if0 $s7 goto :while1_end
if $t6 goto :null21
Error("null pointer")
null21:
local[8] = $t0
local[9] = $t1
local[10] = $t2
local[11] = $t3
local[12] = $t4
local[13] = $t5
local[14] = $t6
local[15] = $t7
$a0 = $t6
call :Tree.GetKey
$t0 = local[8]
$t1 = local[9]
$t2 = local[10]
$t3 = local[11]
$t4 = local[12]
$t5 = local[13]
$t6 = local[14]
$t7 = local[15]
$s5 = $v0
$t7 = LtS($t2 $s5)
if0 $t7 goto :if3_else
if $t6 goto :null22
Error("null pointer")
null22:
local[8] = $t0
local[9] = $t1
local[10] = $t2
local[11] = $t3
local[12] = $t4
local[13] = $t5
local[14] = $t6
local[15] = $t7
$a0 = $t6
call :Tree.GetHas_Left
$t0 = local[8]
$t1 = local[9]
$t2 = local[10]
$t3 = local[11]
$t4 = local[12]
$t5 = local[13]
$t6 = local[14]
$t7 = local[15]
$s5 = $v0
if0 $s5 goto :if4_else
if $t6 goto :null23
Error("null pointer")
null23:
local[8] = $t0
local[9] = $t1
local[10] = $t2
local[11] = $t3
local[12] = $t4
local[13] = $t5
local[14] = $t6
local[15] = $t7
$a0 = $t6
call :Tree.GetLeft
$t0 = local[8]
$t1 = local[9]
$t2 = local[10]
$t3 = local[11]
$t4 = local[12]
$t5 = local[13]
$t6 = local[14]
$t7 = local[15]
$t6 = $v0
goto :if4_end
if4_else:
$s7 = 0
if $t6 goto :null24
Error("null pointer")
null24:
local[8] = $t0
local[9] = $t1
local[10] = $t2
local[11] = $t3
local[12] = $t4
local[13] = $t5
local[14] = $t6
local[15] = $t7
$a0 = $t6
$a1 = 1
call :Tree.SetHas_Left
$t0 = local[8]
$t1 = local[9]
$t2 = local[10]
$t3 = local[11]
$t4 = local[12]
$t5 = local[13]
$t6 = local[14]
$t7 = local[15]
$t5 = $v0
if $t6 goto :null25
Error("null pointer")
null25:
local[8] = $t0
local[9] = $t1
local[10] = $t2
local[11] = $t3
local[12] = $t4
local[13] = $t5
local[14] = $t6
local[15] = $t7
$a0 = $t6
$a1 = $t4
call :Tree.SetLeft
$t0 = local[8]
$t1 = local[9]
$t2 = local[10]
$t3 = local[11]
$t4 = local[12]
$t5 = local[13]
$t6 = local[14]
$t7 = local[15]
$t5 = $v0
if4_end:
goto :if3_end
if3_else:
if $t6 goto :null26
Error("null pointer")
null26:
local[8] = $t0
local[9] = $t1
local[10] = $t2
local[11] = $t3
local[12] = $t4
local[13] = $t5
local[14] = $t6
local[15] = $t7
$a0 = $t6
call :Tree.GetHas_Right
$t0 = local[8]
$t1 = local[9]
$t2 = local[10]
$t3 = local[11]
$t4 = local[12]
$t5 = local[13]
$t6 = local[14]
$t7 = local[15]
$s5 = $v0
if0 $s5 goto :if5_else
if $t6 goto :null27
Error("null pointer")
null27:
local[8] = $t0
local[9] = $t1
local[10] = $t2
local[11] = $t3
local[12] = $t4
local[13] = $t5
local[14] = $t6
local[15] = $t7
$a0 = $t6
call :Tree.GetRight
$t0 = local[8]
$t1 = local[9]
$t2 = local[10]
$t3 = local[11]
$t4 = local[12]
$t5 = local[13]
$t6 = local[14]
$t7 = local[15]
$t6 = $v0
goto :if5_end
if5_else:
$s7 = 0
if $t6 goto :null28
Error("null pointer")
null28:
local[8] = $t0
local[9] = $t1
local[10] = $t2
local[11] = $t3
local[12] = $t4
local[13] = $t5
local[14] = $t6
local[15] = $t7
$a0 = $t6
$a1 = 1
call :Tree.SetHas_Right
$t0 = local[8]
$t1 = local[9]
$t2 = local[10]
$t3 = local[11]
$t4 = local[12]
$t5 = local[13]
$t6 = local[14]
$t7 = local[15]
$t5 = $v0
if $t6 goto :null29
Error("null pointer")
null29:
local[8] = $t0
local[9] = $t1
local[10] = $t2
local[11] = $t3
local[12] = $t4
local[13] = $t5
local[14] = $t6
local[15] = $t7
$a0 = $t6
$a1 = $t4
call :Tree.SetRight
$t0 = local[8]
$t1 = local[9]
$t2 = local[10]
$t3 = local[11]
$t4 = local[12]
$t5 = local[13]
$t6 = local[14]
$t7 = local[15]
$t5 = $v0
if5_end:
if3_end:
goto :while1_top
while1_end:
$v0 = 1
$s0 = local[0]
$s1 = local[1]
$s2 = local[2]
$s3 = local[3]
$s4 = local[4]
$s5 = local[5]
$s6 = local[6]
$s7 = local[7]
ret

func Tree.Delete [in 0, out 0, local 15]
local[0] = $s0
local[1] = $s1
local[2] = $s2
local[3] = $s3
local[4] = $s4
local[5] = $s5
local[6] = $s6
local[7] = $s7
$s3 = $a0
$s7 = $a1
$t0 = $s3
$t1 = $s3
$t2 = 1
$t3 = 0
$t4 = 1
while2_top:
if0 $t2 goto :while2_end
if $t0 goto :null30
Error("null pointer")
null30:
local[8] = $t0
local[9] = $t1
local[10] = $t2
local[11] = $t3
local[12] = $t4
local[13] = $t5
local[14] = $t6
$a0 = $t0
call :Tree.GetKey
$t0 = local[8]
$t1 = local[9]
$t2 = local[10]
$t3 = local[11]
$t4 = local[12]
$t5 = local[13]
$t6 = local[14]
$t5 = $v0
$t6 = LtS($s7 $t5)
if0 $t6 goto :if6_else
if $t0 goto :null31
Error("null pointer")
null31:
local[8] = $t0
local[9] = $t1
local[10] = $t2
local[11] = $t3
local[12] = $t4
local[13] = $t5
local[14] = $t6
$a0 = $t0
call :Tree.GetHas_Left
$t0 = local[8]
$t1 = local[9]
$t2 = local[10]
$t3 = local[11]
$t4 = local[12]
$t5 = local[13]
$t6 = local[14]
$t6 = $v0
if0 $t6 goto :if7_else
$t1 = $t0
if $t0 goto :null32
Error("null pointer")
null32:
local[8] = $t0
local[9] = $t1
local[10] = $t2
local[11] = $t3
local[12] = $t4
local[13] = $t5
local[14] = $t6
$a0 = $t0
call :Tree.GetLeft
$t0 = local[8]
$t1 = local[9]
$t2 = local[10]
$t3 = local[11]
$t4 = local[12]
$t5 = local[13]
$t6 = local[14]
$t0 = $v0
goto :if7_end
if7_else:
$t2 = 0
if7_end:
goto :if6_end
if6_else:
$t6 = LtS($t5 $s7)
if0 $t6 goto :if8_else
if $t0 goto :null33
Error("null pointer")
null33:
local[8] = $t0
local[9] = $t1
local[10] = $t2
local[11] = $t3
local[12] = $t4
local[13] = $t5
local[14] = $t6
$a0 = $t0
call :Tree.GetHas_Right
$t0 = local[8]
$t1 = local[9]
$t2 = local[10]
$t3 = local[11]
$t4 = local[12]
$t5 = local[13]
$t6 = local[14]
$t5 = $v0
if0 $t5 goto :if9_else
$t1 = $t0
if $t0 goto :null34
Error("null pointer")
null34:
local[8] = $t0
local[9] = $t1
local[10] = $t2
local[11] = $t3
local[12] = $t4
local[13] = $t5
local[14] = $t6
$a0 = $t0
call :Tree.GetRight
$t0 = local[8]
$t1 = local[9]
$t2 = local[10]
$t3 = local[11]
$t4 = local[12]
$t5 = local[13]
$t6 = local[14]
$t0 = $v0
goto :if9_end
if9_else:
$t2 = 0
if9_end:
goto :if8_end
if8_else:
if0 $t4 goto :if10_else
if $t0 goto :null35
Error("null pointer")
null35:
local[8] = $t0
local[9] = $t1
local[10] = $t2
local[11] = $t3
local[12] = $t4
local[13] = $t5
local[14] = $t6
$a0 = $t0
call :Tree.GetHas_Right
$t0 = local[8]
$t1 = local[9]
$t2 = local[10]
$t3 = local[11]
$t4 = local[12]
$t5 = local[13]
$t6 = local[14]
$t5 = $v0
if $t5 goto :if11_else
if $t0 goto :null36
Error("null pointer")
null36:
local[8] = $t0
local[9] = $t1
local[10] = $t2
local[11] = $t3
local[12] = $t4
local[13] = $t5
local[14] = $t6
$a0 = $t0
call :Tree.GetHas_Left
$t0 = local[8]
$t1 = local[9]
$t2 = local[10]
$t3 = local[11]
$t4 = local[12]
$t5 = local[13]
$t6 = local[14]
$t5 = $v0
if $t5 goto :if11_else
$t5 = 1
goto :if11_end
if11_else:
local[8] = $t0
local[9] = $t1
local[10] = $t2
local[11] = $t3
local[12] = $t4
local[13] = $t5
local[14] = $t6
$a0 = $s3
$a1 = $t1
$a2 = $t0
call :Tree.Remove
$t0 = local[8]
$t1 = local[9]
$t2 = local[10]
$t3 = local[11]
$t4 = local[12]
$t5 = local[13]
$t6 = local[14]
$t5 = $v0
if11_end:
goto :if10_end
if10_else:
local[8] = $t0
local[9] = $t1
local[10] = $t2
local[11] = $t3
local[12] = $t4
local[13] = $t5
local[14] = $t6
$a0 = $s3
$a1 = $t1
$a2 = $t0
call :Tree.Remove
$t0 = local[8]
$t1 = local[9]
$t2 = local[10]
$t3 = local[11]
$t4 = local[12]
$t5 = local[13]
$t6 = local[14]
$t5 = $v0
if10_end:
$t3 = 1
$t2 = 0
if8_end:
if6_end:
$t4 = 0
goto :while2_top
while2_end:
$v0 = $t3
$s0 = local[0]
$s1 = local[1]
$s2 = local[2]
$s3 = local[3]
$s4 = local[4]
$s5 = local[5]
$s6 = local[6]
$s7 = local[7]
ret

func Tree.Remove [in 0, out 0, local 15]
local[0] = $s0
local[1] = $s1
local[2] = $s2
local[3] = $s3
local[4] = $s4
local[5] = $s5
local[6] = $s6
local[7] = $s7
$t2 = $a0
$s6 = $a1
$t4 = $a2
if $t4 goto :null37
Error("null pointer")
null37:
local[8] = $t0
local[9] = $t1
local[10] = $t2
local[11] = $t3
local[12] = $t4
local[13] = $t5
local[14] = $t6
$a0 = $t4
call :Tree.GetHas_Left
$t0 = local[8]
$t1 = local[9]
$t2 = local[10]
$t3 = local[11]
$t4 = local[12]
$t5 = local[13]
$t6 = local[14]
$t6 = $v0
if0 $t6 goto :if12_else
local[8] = $t0
local[9] = $t1
local[10] = $t2
local[11] = $t3
local[12] = $t4
local[13] = $t5
local[14] = $t6
$a0 = $t2
$a1 = $s6
$a2 = $t4
call :Tree.RemoveLeft
$t0 = local[8]
$t1 = local[9]
$t2 = local[10]
$t3 = local[11]
$t4 = local[12]
$t5 = local[13]
$t6 = local[14]
$s7 = $v0
goto :if12_end
if12_else:
if $t4 goto :null38
Error("null pointer")
null38:
local[8] = $t0
local[9] = $t1
local[10] = $t2
local[11] = $t3
local[12] = $t4
local[13] = $t5
local[14] = $t6
$a0 = $t4
call :Tree.GetHas_Right
$t0 = local[8]
$t1 = local[9]
$t2 = local[10]
$t3 = local[11]
$t4 = local[12]
$t5 = local[13]
$t6 = local[14]
$t0 = $v0
if0 $t0 goto :if13_else
local[8] = $t0
local[9] = $t1
local[10] = $t2
local[11] = $t3
local[12] = $t4
local[13] = $t5
local[14] = $t6
$a0 = $t2
$a1 = $s6
$a2 = $t4
call :Tree.RemoveRight
$t0 = local[8]
$t1 = local[9]
$t2 = local[10]
$t3 = local[11]
$t4 = local[12]
$t5 = local[13]
$t6 = local[14]
$s7 = $v0
goto :if13_end
if13_else:
if $t4 goto :null39
Error("null pointer")
null39:
local[8] = $t0
local[9] = $t1
local[10] = $t2
local[11] = $t3
local[12] = $t4
local[13] = $t5
local[14] = $t6
$a0 = $t4
call :Tree.GetKey
$t0 = local[8]
$t1 = local[9]
$t2 = local[10]
$t3 = local[11]
$t4 = local[12]
$t5 = local[13]
$t6 = local[14]
$s1 = $v0
if $s6 goto :null40
Error("null pointer")
null40:
local[8] = $t0
local[9] = $t1
local[10] = $t2
local[11] = $t3
local[12] = $t4
local[13] = $t5
local[14] = $t6
$a0 = $s6
call :Tree.GetLeft
$t0 = local[8]
$t1 = local[9]
$t2 = local[10]
$t3 = local[11]
$t4 = local[12]
$t5 = local[13]
$t6 = local[14]
$s3 = $v0
if $s3 goto :null41
Error("null pointer")
null41:
local[8] = $t0
local[9] = $t1
local[10] = $t2
local[11] = $t3
local[12] = $t4
local[13] = $t5
local[14] = $t6
$a0 = $s3
call :Tree.GetKey
$t0 = local[8]
$t1 = local[9]
$t2 = local[10]
$t3 = local[11]
$t4 = local[12]
$t5 = local[13]
$t6 = local[14]
$s2 = $v0
local[8] = $t0
local[9] = $t1
local[10] = $t2
local[11] = $t3
local[12] = $t4
local[13] = $t5
local[14] = $t6
$a0 = $t2
$a1 = $s1
$a2 = $s2
call :Tree.Compare
$t0 = local[8]
$t1 = local[9]
$t2 = local[10]
$t3 = local[11]
$t4 = local[12]
$t5 = local[13]
$t6 = local[14]
$t0 = $v0
if0 $t0 goto :if14_else
if $s6 goto :null42
Error("null pointer")
null42:
$s0 = [$t2+20]
local[8] = $t0
local[9] = $t1
local[10] = $t2
local[11] = $t3
local[12] = $t4
local[13] = $t5
local[14] = $t6
$a0 = $s6
$a1 = $s0
call :Tree.SetLeft
$t0 = local[8]
$t1 = local[9]
$t2 = local[10]
$t3 = local[11]
$t4 = local[12]
$t5 = local[13]
$t6 = local[14]
$s7 = $v0
if $s6 goto :null43
Error("null pointer")
null43:
local[8] = $t0
local[9] = $t1
local[10] = $t2
local[11] = $t3
local[12] = $t4
local[13] = $t5
local[14] = $t6
$a0 = $s6
$a1 = 0
call :Tree.SetHas_Left
$t0 = local[8]
$t1 = local[9]
$t2 = local[10]
$t3 = local[11]
$t4 = local[12]
$t5 = local[13]
$t6 = local[14]
$s7 = $v0
goto :if14_end
if14_else:
if $s6 goto :null44
Error("null pointer")
null44:
$s0 = [$t2+20]
local[8] = $t0
local[9] = $t1
local[10] = $t2
local[11] = $t3
local[12] = $t4
local[13] = $t5
local[14] = $t6
$a0 = $s6
$a1 = $s0
call :Tree.SetRight
$t0 = local[8]
$t1 = local[9]
$t2 = local[10]
$t3 = local[11]
$t4 = local[12]
$t5 = local[13]
$t6 = local[14]
$s7 = $v0
if $s6 goto :null45
Error("null pointer")
null45:
local[8] = $t0
local[9] = $t1
local[10] = $t2
local[11] = $t3
local[12] = $t4
local[13] = $t5
local[14] = $t6
$a0 = $s6
$a1 = 0
call :Tree.SetHas_Right
$t0 = local[8]
$t1 = local[9]
$t2 = local[10]
$t3 = local[11]
$t4 = local[12]
$t5 = local[13]
$t6 = local[14]
$s7 = $v0
if14_end:
if13_end:
if12_end:
$v0 = 1
$s0 = local[0]
$s1 = local[1]
$s2 = local[2]
$s3 = local[3]
$s4 = local[4]
$s5 = local[5]
$s6 = local[6]
$s7 = local[7]
ret

func Tree.RemoveRight [in 0, out 0, local 12]
local[0] = $s0
local[1] = $s1
local[2] = $s2
local[3] = $s3
local[4] = $s4
local[5] = $s5
local[6] = $s6
local[7] = $s7
$s4 = $a0
$t0 = $a1
$s3 = $a2
while3_top:
if $s3 goto :null46
Error("null pointer")
null46:
local[8] = $t0
local[9] = $t1
local[10] = $t2
local[11] = $t3
$a0 = $s3
call :Tree.GetHas_Right
$t0 = local[8]
$t1 = local[9]
$t2 = local[10]
$t3 = local[11]
$t1 = $v0
if0 $t1 goto :while3_end
if $s3 goto :null47
Error("null pointer")
null47:
if $s3 goto :null48
Error("null pointer")
null48:
local[8] = $t0
local[9] = $t1
local[10] = $t2
local[11] = $t3
$a0 = $s3
call :Tree.GetRight
$t0 = local[8]
$t1 = local[9]
$t2 = local[10]
$t3 = local[11]
$t1 = $v0
if $t1 goto :null49
Error("null pointer")
null49:
local[8] = $t0
local[9] = $t1
local[10] = $t2
local[11] = $t3
$a0 = $t1
call :Tree.GetKey
$t0 = local[8]
$t1 = local[9]
$t2 = local[10]
$t3 = local[11]
$t2 = $v0
local[8] = $t0
local[9] = $t1
local[10] = $t2
local[11] = $t3
$a0 = $s3
$a1 = $t2
call :Tree.SetKey
$t0 = local[8]
$t1 = local[9]
$t2 = local[10]
$t3 = local[11]
$t3 = $v0
$t0 = $s3
if $s3 goto :null50
Error("null pointer")
null50:
local[8] = $t0
local[9] = $t1
local[10] = $t2
local[11] = $t3
$a0 = $s3
call :Tree.GetRight
$t0 = local[8]
$t1 = local[9]
$t2 = local[10]
$t3 = local[11]
$s3 = $v0
goto :while3_top
while3_end:
if $t0 goto :null51
Error("null pointer")
null51:
$s0 = [$s4+20]
local[8] = $t0
local[9] = $t1
local[10] = $t2
local[11] = $t3
$a0 = $t0
$a1 = $s0
call :Tree.SetRight
$t0 = local[8]
$t1 = local[9]
$t2 = local[10]
$t3 = local[11]
$t3 = $v0
if $t0 goto :null52
Error("null pointer")
null52:
local[8] = $t0
local[9] = $t1
local[10] = $t2
local[11] = $t3
$a0 = $t0
$a1 = 0
call :Tree.SetHas_Right
$t0 = local[8]
$t1 = local[9]
$t2 = local[10]
$t3 = local[11]
$t3 = $v0
$v0 = 1
$s0 = local[0]
$s1 = local[1]
$s2 = local[2]
$s3 = local[3]
$s4 = local[4]
$s5 = local[5]
$s6 = local[6]
$s7 = local[7]
ret

func Tree.RemoveLeft [in 0, out 0, local 12]
local[0] = $s0
local[1] = $s1
local[2] = $s2
local[3] = $s3
local[4] = $s4
local[5] = $s5
local[6] = $s6
local[7] = $s7
$s4 = $a0
$t0 = $a1
$s3 = $a2
while4_top:
if $s3 goto :null53
Error("null pointer")
null53:
local[8] = $t0
local[9] = $t1
local[10] = $t2
local[11] = $t3
$a0 = $s3
call :Tree.GetHas_Left
$t0 = local[8]
$t1 = local[9]
$t2 = local[10]
$t3 = local[11]
$t1 = $v0
if0 $t1 goto :while4_end
if $s3 goto :null54
Error("null pointer")
null54:
if $s3 goto :null55
Error("null pointer")
null55:
local[8] = $t0
local[9] = $t1
local[10] = $t2
local[11] = $t3
$a0 = $s3
call :Tree.GetLeft
$t0 = local[8]
$t1 = local[9]
$t2 = local[10]
$t3 = local[11]
$t1 = $v0
if $t1 goto :null56
Error("null pointer")
null56:
local[8] = $t0
local[9] = $t1
local[10] = $t2
local[11] = $t3
$a0 = $t1
call :Tree.GetKey
$t0 = local[8]
$t1 = local[9]
$t2 = local[10]
$t3 = local[11]
$t2 = $v0
local[8] = $t0
local[9] = $t1
local[10] = $t2
local[11] = $t3
$a0 = $s3
$a1 = $t2
call :Tree.SetKey
$t0 = local[8]
$t1 = local[9]
$t2 = local[10]
$t3 = local[11]
$t3 = $v0
$t0 = $s3
if $s3 goto :null57
Error("null pointer")
null57:
local[8] = $t0
local[9] = $t1
local[10] = $t2
local[11] = $t3
$a0 = $s3
call :Tree.GetLeft
$t0 = local[8]
$t1 = local[9]
$t2 = local[10]
$t3 = local[11]
$s3 = $v0
goto :while4_top
while4_end:
if $t0 goto :null58
Error("null pointer")
null58:
$s0 = [$s4+20]
local[8] = $t0
local[9] = $t1
local[10] = $t2
local[11] = $t3
$a0 = $t0
$a1 = $s0
call :Tree.SetLeft
$t0 = local[8]
$t1 = local[9]
$t2 = local[10]
$t3 = local[11]
$t3 = $v0
if $t0 goto :null59
Error("null pointer")
null59:
local[8] = $t0
local[9] = $t1
local[10] = $t2
local[11] = $t3
$a0 = $t0
$a1 = 0
call :Tree.SetHas_Left
$t0 = local[8]
$t1 = local[9]
$t2 = local[10]
$t3 = local[11]
$t3 = $v0
$v0 = 1
$s0 = local[0]
$s1 = local[1]
$s2 = local[2]
$s3 = local[3]
$s4 = local[4]
$s5 = local[5]
$s6 = local[6]
$s7 = local[7]
ret

func Tree.Search [in 0, out 0, local 11]
local[0] = $s0
local[1] = $s1
local[2] = $s2
local[3] = $s3
local[4] = $s4
local[5] = $s5
local[6] = $s6
local[7] = $s7
$s5 = $a0
$s3 = $a1
$s7 = $s5
$s5 = 1
$t0 = 0
while5_top:
if0 $s5 goto :while5_end
if $s7 goto :null60
Error("null pointer")
null60:
local[8] = $t0
local[9] = $t1
local[10] = $t2
$a0 = $s7
call :Tree.GetKey
$t0 = local[8]
$t1 = local[9]
$t2 = local[10]
$t1 = $v0
$t2 = LtS($s3 $t1)
if0 $t2 goto :if15_else
if $s7 goto :null61
Error("null pointer")
null61:
local[8] = $t0
local[9] = $t1
local[10] = $t2
$a0 = $s7
call :Tree.GetHas_Left
$t0 = local[8]
$t1 = local[9]
$t2 = local[10]
$t2 = $v0
if0 $t2 goto :if16_else
if $s7 goto :null62
Error("null pointer")
null62:
local[8] = $t0
local[9] = $t1
local[10] = $t2
$a0 = $s7
call :Tree.GetLeft
$t0 = local[8]
$t1 = local[9]
$t2 = local[10]
$s7 = $v0
goto :if16_end
if16_else:
$s5 = 0
if16_end:
goto :if15_end
if15_else:
$t2 = LtS($t1 $s3)
if0 $t2 goto :if17_else
if $s7 goto :null63
Error("null pointer")
null63:
local[8] = $t0
local[9] = $t1
local[10] = $t2
$a0 = $s7
call :Tree.GetHas_Right
$t0 = local[8]
$t1 = local[9]
$t2 = local[10]
$t1 = $v0
if0 $t1 goto :if18_else
if $s7 goto :null64
Error("null pointer")
null64:
local[8] = $t0
local[9] = $t1
local[10] = $t2
$a0 = $s7
call :Tree.GetRight
$t0 = local[8]
$t1 = local[9]
$t2 = local[10]
$s7 = $v0
goto :if18_end
if18_else:
$s5 = 0
if18_end:
goto :if17_end
if17_else:
$t0 = 1
$s5 = 0
if17_end:
if15_end:
goto :while5_top
while5_end:
$v0 = $t0
$s0 = local[0]
$s1 = local[1]
$s2 = local[2]
$s3 = local[3]
$s4 = local[4]
$s5 = local[5]
$s6 = local[6]
$s7 = local[7]
ret

func Tree.Print [in 0, out 0, local 4]
local[0] = $s0
local[1] = $s1
local[2] = $s2
local[3] = $s3
$s1 = $a0
$s2 = $s1
$a0 = $s1
$a1 = $s2
call :Tree.RecPrint
$s3 = $v0
$v0 = 1
$s0 = local[0]
$s1 = local[1]
$s2 = local[2]
$s3 = local[3]
ret

func Tree.RecPrint [in 0, out 0, local 9]
local[0] = $s0
local[1] = $s1
local[2] = $s2
local[3] = $s3
local[4] = $s4
local[5] = $s5
local[6] = $s6
local[7] = $s7
$s7 = $a0
$s3 = $a1
if $s3 goto :null65
Error("null pointer")
null65:
local[8] = $t0
$a0 = $s3
call :Tree.GetHas_Left
$t0 = local[8]
$t0 = $v0
if0 $t0 goto :if19_else
if $s3 goto :null66
Error("null pointer")
null66:
local[8] = $t0
$a0 = $s3
call :Tree.GetLeft
$t0 = local[8]
$s0 = $v0
local[8] = $t0
$a0 = $s7
$a1 = $s0
call :Tree.RecPrint
$t0 = local[8]
$t0 = $v0
goto :if19_end
if19_else:
$t0 = 1
if19_end:
if $s3 goto :null67
Error("null pointer")
null67:
local[8] = $t0
$a0 = $s3
call :Tree.GetKey
$t0 = local[8]
$s0 = $v0
PrintIntS($s0)
if $s3 goto :null68
Error("null pointer")
null68:
local[8] = $t0
$a0 = $s3
call :Tree.GetHas_Right
$t0 = local[8]
$s0 = $v0
if0 $s0 goto :if20_else
if $s3 goto :null69
Error("null pointer")
null69:
local[8] = $t0
$a0 = $s3
call :Tree.GetRight
$t0 = local[8]
$s0 = $v0
local[8] = $t0
$a0 = $s7
$a1 = $s0
call :Tree.RecPrint
$t0 = local[8]
$t0 = $v0
goto :if20_end
if20_else:
$t0 = 1
if20_end:
$v0 = 1
$s0 = local[0]
$s1 = local[1]
$s2 = local[2]
$s3 = local[3]
$s4 = local[4]
$s5 = local[5]
$s6 = local[6]
$s7 = local[7]
ret

