const vmt_Fac
    :Fac.ComputeFac

func Main [in 0, out 0, local 3]
local[0] = $s0
local[1] = $s1
local[2] = $s2
$s0 = HeapAllocZ(4)
[$s0+0] = :vmt_Fac
if $s0 goto :null1
Error("null pointer")
null1:
$s1 = [$s0+0]
$s1 = [$s1+0]
$a0 = $s0
$a1 = 10
call $s1
$s2 = $v0
PrintIntS($s2)
$s0 = local[0]
$s1 = local[1]
$s2 = local[2]
ret

func Fac.ComputeFac [in 0, out 0, local 6]
local[0] = $s0
local[1] = $s1
local[2] = $s2
local[3] = $s3
local[4] = $s4
local[5] = $s5
$s1 = $a0
$s0 = $a1
$s2 = LtS($s0 1)
if0 $s2 goto :if1_else
$s3 = 1
goto :if1_end
if1_else:
$s2 = [$s1+0]
$s2 = [$s2+0]
$s4 = Sub($s0 1)
$a0 = $s1
$a1 = $s4
call $s2
$s5 = $v0
$s3 = MulS($s0 $s5)
if1_end:
$v0 = $s3
$s0 = local[0]
$s1 = local[1]
$s2 = local[2]
$s3 = local[3]
$s4 = local[4]
$s5 = local[5]
ret

