const empty_Fac

func Main [in 0, out 0, local 2]
local[0] = $s0
local[1] = $s1
$a0 = :empty_Fac
$a1 = 10
call :Fac.ComputeFac
$s1 = $v0
PrintIntS($s1)
$s0 = local[0]
$s1 = local[1]
ret

func Fac.ComputeFac [in 0, out 0, local 6]
local[0] = $s0
local[1] = $s1
local[2] = $s2
local[3] = $s3
local[4] = $s4
local[5] = $s5
$s1 = $a0
$s2 = $a1
$s3 = LtS($s2 1)
if0 $s3 goto :if1_else
$s4 = 1
goto :if1_end
if1_else:
$s3 = Sub($s2 1)
$a0 = $s1
$a1 = $s3
call :Fac.ComputeFac
$s5 = $v0
$s4 = MulS($s2 $s5)
if1_end:
$v0 = $s4
$s0 = local[0]
$s1 = local[1]
$s2 = local[2]
$s3 = local[3]
$s4 = local[4]
$s5 = local[5]
ret

