const vmt_Element
    :Element.Init
    :Element.GetAge
    :Element.GetSalary
    :Element.GetMarried
    :Element.Equal
    :Element.Compare

const vmt_List
    :List.Init
    :List.InitNew
    :List.Insert
    :List.SetNext
    :List.Delete
    :List.Search
    :List.GetEnd
    :List.GetElem
    :List.GetNext
    :List.Print

const vmt_LL
    :LL.Start

func Main [in 0, out 0, local 3]
local[0] = $s0
local[1] = $s1
local[2] = $s2
$s0 = HeapAllocZ(4)
[$s0+0] = :vmt_LL
if $s0 goto :null1
Error("null pointer")
null1:
$s1 = [$s0+0]
$s1 = [$s1+0]
$a0 = $s0
call $s1
$s2 = $v0
PrintIntS($s2)
$s0 = local[0]
$s1 = local[1]
$s2 = local[2]
ret

func Element.Init [in 0, out 0, local 4]
local[0] = $s0
local[1] = $s1
local[2] = $s2
local[3] = $s3
$s0 = $a0
$s2 = $a1
$s3 = $a2
$s1 = $a3
[$s0+4] = $s2
[$s0+8] = $s3
[$s0+12] = $s1
$v0 = 1
$s0 = local[0]
$s1 = local[1]
$s2 = local[2]
$s3 = local[3]
ret

func Element.GetAge [in 0, out 0, local 2]
local[0] = $s0
local[1] = $s1
$s0 = $a0
$s1 = [$s0+4]
$v0 = $s1
$s0 = local[0]
$s1 = local[1]
ret

func Element.GetSalary [in 0, out 0, local 2]
local[0] = $s0
local[1] = $s1
$s0 = $a0
$s1 = [$s0+8]
$v0 = $s1
$s0 = local[0]
$s1 = local[1]
ret

func Element.GetMarried [in 0, out 0, local 2]
local[0] = $s0
local[1] = $s1
$s0 = $a0
$s1 = [$s0+12]
$v0 = $s1
$s0 = local[0]
$s1 = local[1]
ret

func Element.Equal [in 0, out 0, local 8]
local[0] = $s0
local[1] = $s1
local[2] = $s2
local[3] = $s3
local[4] = $s4
local[5] = $s5
local[6] = $s6
local[7] = $s7
$s1 = $a0
$s0 = $a1
$s2 = 1
if $s0 goto :null2
Error("null pointer")
null2:
$s3 = [$s0+0]
$s3 = [$s3+4]
$a0 = $s0
call $s3
$s4 = $v0
$s5 = [$s1+0]
$s5 = [$s5+20]
$s3 = [$s1+4]
$a0 = $s1
$a1 = $s4
$a2 = $s3
call $s5
$s6 = $v0
$s7 = Sub(1 $s6)
if0 $s7 goto :if1_else
$s2 = 0
goto :if1_end
if1_else:
if $s0 goto :null3
Error("null pointer")
null3:
$s3 = [$s0+0]
$s3 = [$s3+8]
$a0 = $s0
call $s3
$s4 = $v0
$s5 = [$s1+0]
$s5 = [$s5+20]
$s3 = [$s1+8]
$a0 = $s1
$a1 = $s4
$a2 = $s3
call $s5
$s6 = $v0
$s7 = Sub(1 $s6)
if0 $s7 goto :if2_else
$s2 = 0
goto :if2_end
if2_else:
$s3 = [$s1+12]
if0 $s3 goto :if3_else
if $s0 goto :null4
Error("null pointer")
null4:
$s1 = [$s0+0]
$s1 = [$s1+12]
$a0 = $s0
call $s1
$s3 = $v0
$s4 = Sub(1 $s3)
if0 $s4 goto :if4_else
$s2 = 0
goto :if4_end
if4_else:
$s1 = 0
if4_end:
goto :if3_end
if3_else:
if $s0 goto :null5
Error("null pointer")
null5:
$s3 = [$s0+0]
$s3 = [$s3+12]
$a0 = $s0
call $s3
$s4 = $v0
if0 $s4 goto :if5_else
$s2 = 0
goto :if5_end
if5_else:
$s1 = 0
if5_end:
if3_end:
if2_end:
if1_end:
$v0 = $s2
$s0 = local[0]
$s1 = local[1]
$s2 = local[2]
$s3 = local[3]
$s4 = local[4]
$s5 = local[5]
$s6 = local[6]
$s7 = local[7]
ret

func Element.Compare [in 0, out 0, local 5]
local[0] = $s0
local[1] = $s1
local[2] = $s2
local[3] = $s3
local[4] = $s4
$s1 = $a0
$s0 = $a1
$s2 = $a2
$s1 = 0
$s3 = Add($s2 1)
$s4 = LtS($s0 $s2)
if0 $s4 goto :if6_else
$s1 = 0
goto :if6_end
if6_else:
$s2 = LtS($s0 $s3)
$s4 = Sub(1 $s2)
if0 $s4 goto :if7_else
$s1 = 0
goto :if7_end
if7_else:
$s1 = 1
if7_end:
if6_end:
$v0 = $s1
$s0 = local[0]
$s1 = local[1]
$s2 = local[2]
$s3 = local[3]
$s4 = local[4]
ret

func List.Init [in 0, out 0, local 1]
local[0] = $s0
$s0 = $a0
[$s0+12] = 1
$v0 = 1
$s0 = local[0]
ret

func List.InitNew [in 0, out 0, local 4]
local[0] = $s0
local[1] = $s1
local[2] = $s2
local[3] = $s3
$s0 = $a0
$s2 = $a1
$s3 = $a2
$s1 = $a3
[$s0+12] = $s1
[$s0+4] = $s2
[$s0+8] = $s3
$v0 = 1
$s0 = local[0]
$s1 = local[1]
$s2 = local[2]
$s3 = local[3]
ret

func List.Insert [in 0, out 0, local 5]
local[0] = $s0
local[1] = $s1
local[2] = $s2
local[3] = $s3
local[4] = $s4
$s1 = $a0
$s0 = $a1
$s2 = $s1
$s1 = HeapAllocZ(16)
[$s1+0] = :vmt_List
$s3 = $s1
if $s3 goto :null6
Error("null pointer")
null6:
$s1 = [$s3+0]
$s1 = [$s1+4]
$a0 = $s3
$a1 = $s0
$a2 = $s2
$a3 = 0
call $s1
$s4 = $v0
$v0 = $s3
$s0 = local[0]
$s1 = local[1]
$s2 = local[2]
$s3 = local[3]
$s4 = local[4]
ret

func List.SetNext [in 0, out 0, local 2]
local[0] = $s0
local[1] = $s1
$s0 = $a0
$s1 = $a1
[$s0+8] = $s1
$v0 = 1
$s0 = local[0]
$s1 = local[1]
ret

func List.Delete [in 0, out 0, local 12]
local[0] = $s0
local[1] = $s1
local[2] = $s2
local[3] = $s3
local[4] = $s4
local[5] = $s5
local[6] = $s6
local[7] = $s7
$s1 = $a0
$s0 = $a1
$s2 = $s1
$s3 = 0
$s4 = Sub(0 1)
$s5 = $s1
$s6 = $s1
$s7 = [$s1+12]
$t0 = [$s1+4]
while1_top:
$s1 = Sub(1 $s7)
if0 $s1 goto :ss1_else
$t1 = Sub(1 $s3)
goto :ss1_end
ss1_else:
$t1 = 0
ss1_end:
if0 $t1 goto :while1_end
if $s0 goto :null7
Error("null pointer")
null7:
$s1 = [$s0+0]
$s1 = [$s1+16]
local[8] = $t0
local[9] = $t1
local[10] = $t2
local[11] = $t3
$a0 = $s0
$a1 = $t0
call $s1
$t0 = local[8]
$t1 = local[9]
$t2 = local[10]
$t3 = local[11]
$t1 = $v0
if0 $t1 goto :if8_else
$s3 = 1
$s1 = LtS($s4 0)
if0 $s1 goto :if9_else
if $s5 goto :null8
Error("null pointer")
null8:
$s1 = [$s5+0]
$s1 = [$s1+32]
local[8] = $t0
local[9] = $t1
local[10] = $t2
local[11] = $t3
$a0 = $s5
call $s1
$t0 = local[8]
$t1 = local[9]
$t2 = local[10]
$t3 = local[11]
$s2 = $v0
goto :if9_end
if9_else:
$s1 = Sub(0 555)
PrintIntS($s1)
if $s6 goto :null9
Error("null pointer")
null9:
$s1 = [$s6+0]
$s1 = [$s1+12]
if $s5 goto :null10
Error("null pointer")
null10:
$t1 = [$s5+0]
$t1 = [$t1+32]
local[8] = $t0
local[9] = $t1
local[10] = $t2
local[11] = $t3
$a0 = $s5
call $t1
$t0 = local[8]
$t1 = local[9]
$t2 = local[10]
$t3 = local[11]
$t2 = $v0
local[8] = $t0
local[9] = $t1
local[10] = $t2
local[11] = $t3
$a0 = $s6
$a1 = $t2
call $s1
$t0 = local[8]
$t1 = local[9]
$t2 = local[10]
$t3 = local[11]
$t3 = $v0
$t1 = Sub(0 555)
PrintIntS($t1)
if9_end:
goto :if8_end
if8_else:
$s1 = 0
if8_end:
$t1 = Sub(1 $s3)
if0 $t1 goto :if10_else
$s6 = $s5
if $s5 goto :null11
Error("null pointer")
null11:
$t1 = [$s5+0]
$t1 = [$t1+32]
local[8] = $t0
local[9] = $t1
local[10] = $t2
local[11] = $t3
$a0 = $s5
call $t1
$t0 = local[8]
$t1 = local[9]
$t2 = local[10]
$t3 = local[11]
$s5 = $v0
if $s5 goto :null12
Error("null pointer")
null12:
$t1 = [$s5+0]
$t1 = [$t1+24]
local[8] = $t0
local[9] = $t1
local[10] = $t2
local[11] = $t3
$a0 = $s5
call $t1
$t0 = local[8]
$t1 = local[9]
$t2 = local[10]
$t3 = local[11]
$s7 = $v0
if $s5 goto :null13
Error("null pointer")
null13:
$t1 = [$s5+0]
$t1 = [$t1+28]
local[8] = $t0
local[9] = $t1
local[10] = $t2
local[11] = $t3
$a0 = $s5
call $t1
$t0 = local[8]
$t1 = local[9]
$t2 = local[10]
$t3 = local[11]
$t0 = $v0
$s4 = 1
goto :if10_end
if10_else:
$s1 = 0
if10_end:
goto :while1_top
while1_end:
$v0 = $s2
$s0 = local[0]
$s1 = local[1]
$s2 = local[2]
$s3 = local[3]
$s4 = local[4]
$s5 = local[5]
$s6 = local[6]
$s7 = local[7]
ret

func List.Search [in 0, out 0, local 7]
local[0] = $s0
local[1] = $s1
local[2] = $s2
local[3] = $s3
local[4] = $s4
local[5] = $s5
local[6] = $s6
$s1 = $a0
$s0 = $a1
$s2 = 0
$s3 = $s1
$s4 = [$s1+12]
$s5 = [$s1+4]
while2_top:
$s1 = Sub(1 $s4)
if0 $s1 goto :while2_end
if $s0 goto :null14
Error("null pointer")
null14:
$s1 = [$s0+0]
$s1 = [$s1+16]
$a0 = $s0
$a1 = $s5
call $s1
$s6 = $v0
if0 $s6 goto :if11_else
$s2 = 1
goto :if11_end
if11_else:
$s1 = 0
if11_end:
if $s3 goto :null15
Error("null pointer")
null15:
$s1 = [$s3+0]
$s1 = [$s1+32]
$a0 = $s3
call $s1
$s3 = $v0
if $s3 goto :null16
Error("null pointer")
null16:
$s1 = [$s3+0]
$s1 = [$s1+24]
$a0 = $s3
call $s1
$s4 = $v0
if $s3 goto :null17
Error("null pointer")
null17:
$s1 = [$s3+0]
$s1 = [$s1+28]
$a0 = $s3
call $s1
$s5 = $v0
goto :while2_top
while2_end:
$v0 = $s2
$s0 = local[0]
$s1 = local[1]
$s2 = local[2]
$s3 = local[3]
$s4 = local[4]
$s5 = local[5]
$s6 = local[6]
ret

func List.GetEnd [in 0, out 0, local 2]
local[0] = $s0
local[1] = $s1
$s0 = $a0
$s1 = [$s0+12]
$v0 = $s1
$s0 = local[0]
$s1 = local[1]
ret

func List.GetElem [in 0, out 0, local 2]
local[0] = $s0
local[1] = $s1
$s0 = $a0
$s1 = [$s0+4]
$v0 = $s1
$s0 = local[0]
$s1 = local[1]
ret

func List.GetNext [in 0, out 0, local 2]
local[0] = $s0
local[1] = $s1
$s0 = $a0
$s1 = [$s0+8]
$v0 = $s1
$s0 = local[0]
$s1 = local[1]
ret

func List.Print [in 0, out 0, local 5]
local[0] = $s0
local[1] = $s1
local[2] = $s2
local[3] = $s3
local[4] = $s4
$s0 = $a0
$s1 = $s0
$s2 = [$s0+12]
$s3 = [$s0+4]
while3_top:
$s0 = Sub(1 $s2)
if0 $s0 goto :while3_end
if $s3 goto :null18
Error("null pointer")
null18:
$s0 = [$s3+0]
$s0 = [$s0+4]
$a0 = $s3
call $s0
$s4 = $v0
PrintIntS($s4)
if $s1 goto :null19
Error("null pointer")
null19:
$s0 = [$s1+0]
$s0 = [$s0+32]
$a0 = $s1
call $s0
$s1 = $v0
if $s1 goto :null20
Error("null pointer")
null20:
$s0 = [$s1+0]
$s0 = [$s0+24]
$a0 = $s1
call $s0
$s2 = $v0
if $s1 goto :null21
Error("null pointer")
null21:
$s0 = [$s1+0]
$s0 = [$s0+28]
$a0 = $s1
call $s0
$s3 = $v0
goto :while3_top
while3_end:
$v0 = 1
$s0 = local[0]
$s1 = local[1]
$s2 = local[2]
$s3 = local[3]
$s4 = local[4]
ret

func LL.Start [in 0, out 0, local 7]
local[0] = $s0
local[1] = $s1
local[2] = $s2
local[3] = $s3
local[4] = $s4
local[5] = $s5
local[6] = $s6
$s0 = $a0
$s0 = HeapAllocZ(16)
[$s0+0] = :vmt_List
$s1 = $s0
if $s1 goto :null22
Error("null pointer")
null22:
$s0 = [$s1+0]
$s0 = [$s0+0]
$a0 = $s1
call $s0
$s2 = $v0
$s3 = $s1
if $s3 goto :null23
Error("null pointer")
null23:
$s0 = [$s3+0]
$s0 = [$s0+0]
$a0 = $s3
call $s0
$s2 = $v0
if $s3 goto :null24
Error("null pointer")
null24:
$s0 = [$s3+0]
$s0 = [$s0+36]
$a0 = $s3
call $s0
$s2 = $v0
$s1 = HeapAllocZ(16)
[$s1+0] = :vmt_Element
$s0 = $s1
if $s0 goto :null25
Error("null pointer")
null25:
$s1 = [$s0+0]
$s1 = [$s1+0]
$a0 = $s0
$a1 = 25
$a2 = 37000
$a3 = 0
call $s1
$s2 = $v0
if $s3 goto :null26
Error("null pointer")
null26:
$s1 = [$s3+0]
$s1 = [$s1+8]
$a0 = $s3
$a1 = $s0
call $s1
$s3 = $v0
if $s3 goto :null27
Error("null pointer")
null27:
$s1 = [$s3+0]
$s1 = [$s1+36]
$a0 = $s3
call $s1
$s2 = $v0
PrintIntS(10000000)
$s1 = HeapAllocZ(16)
[$s1+0] = :vmt_Element
$s0 = $s1
if $s0 goto :null28
Error("null pointer")
null28:
$s1 = [$s0+0]
$s1 = [$s1+0]
$a0 = $s0
$a1 = 39
$a2 = 42000
$a3 = 1
call $s1
$s2 = $v0
$s4 = $s0
if $s3 goto :null29
Error("null pointer")
null29:
$s1 = [$s3+0]
$s1 = [$s1+8]
$a0 = $s3
$a1 = $s0
call $s1
$s3 = $v0
if $s3 goto :null30
Error("null pointer")
null30:
$s1 = [$s3+0]
$s1 = [$s1+36]
$a0 = $s3
call $s1
$s2 = $v0
PrintIntS(10000000)
$s1 = HeapAllocZ(16)
[$s1+0] = :vmt_Element
$s0 = $s1
if $s0 goto :null31
Error("null pointer")
null31:
$s1 = [$s0+0]
$s1 = [$s1+0]
$a0 = $s0
$a1 = 22
$a2 = 34000
$a3 = 0
call $s1
$s2 = $v0
if $s3 goto :null32
Error("null pointer")
null32:
$s1 = [$s3+0]
$s1 = [$s1+8]
$a0 = $s3
$a1 = $s0
call $s1
$s3 = $v0
if $s3 goto :null33
Error("null pointer")
null33:
$s1 = [$s3+0]
$s1 = [$s1+36]
$a0 = $s3
call $s1
$s2 = $v0
$s5 = HeapAllocZ(16)
[$s5+0] = :vmt_Element
$s1 = $s5
if $s1 goto :null34
Error("null pointer")
null34:
$s5 = [$s1+0]
$s5 = [$s5+0]
$a0 = $s1
$a1 = 27
$a2 = 34000
$a3 = 0
call $s5
$s2 = $v0
if $s3 goto :null35
Error("null pointer")
null35:
$s5 = [$s3+0]
$s5 = [$s5+20]
$a0 = $s3
$a1 = $s4
call $s5
$s6 = $v0
PrintIntS($s6)
if $s3 goto :null36
Error("null pointer")
null36:
$s5 = [$s3+0]
$s5 = [$s5+20]
$a0 = $s3
$a1 = $s1
call $s5
$s6 = $v0
PrintIntS($s6)
PrintIntS(10000000)
$s1 = HeapAllocZ(16)
[$s1+0] = :vmt_Element
$s0 = $s1
if $s0 goto :null37
Error("null pointer")
null37:
$s1 = [$s0+0]
$s1 = [$s1+0]
$a0 = $s0
$a1 = 28
$a2 = 35000
$a3 = 0
call $s1
$s2 = $v0
if $s3 goto :null38
Error("null pointer")
null38:
$s1 = [$s3+0]
$s1 = [$s1+8]
$a0 = $s3
$a1 = $s0
call $s1
$s3 = $v0
if $s3 goto :null39
Error("null pointer")
null39:
$s1 = [$s3+0]
$s1 = [$s1+36]
$a0 = $s3
call $s1
$s2 = $v0
PrintIntS(2220000)
if $s3 goto :null40
Error("null pointer")
null40:
$s1 = [$s3+0]
$s1 = [$s1+16]
$a0 = $s3
$a1 = $s4
call $s1
$s3 = $v0
if $s3 goto :null41
Error("null pointer")
null41:
$s1 = [$s3+0]
$s1 = [$s1+36]
$a0 = $s3
call $s1
$s2 = $v0
PrintIntS(33300000)
if $s3 goto :null42
Error("null pointer")
null42:
$s1 = [$s3+0]
$s1 = [$s1+16]
$a0 = $s3
$a1 = $s0
call $s1
$s3 = $v0
if $s3 goto :null43
Error("null pointer")
null43:
$s0 = [$s3+0]
$s0 = [$s0+36]
$a0 = $s3
call $s0
$s2 = $v0
PrintIntS(44440000)
$v0 = 0
$s0 = local[0]
$s1 = local[1]
$s2 = local[2]
$s3 = local[3]
$s4 = local[4]
$s5 = local[5]
$s6 = local[6]
ret

