const empty_Element

const empty_List

const empty_LL

func Main [in 0, out 0, local 2]
local[0] = $s0
local[1] = $s1
$a0 = :empty_LL
call :LL.Start
$s1 = $v0
PrintIntS($s1)
$s0 = local[0]
$s1 = local[1]
ret

func Element.Init [in 0, out 0, local 4]
local[0] = $s0
local[1] = $s1
local[2] = $s2
local[3] = $s3
$s0 = $a0
$s2 = $a1
$s3 = $a2
$s1 = $a3
[$s0+0] = $s2
[$s0+4] = $s3
[$s0+8] = $s1
$v0 = 1
$s0 = local[0]
$s1 = local[1]
$s2 = local[2]
$s3 = local[3]
ret

func Element.GetAge [in 0, out 0, local 2]
local[0] = $s0
local[1] = $s1
$s0 = $a0
$s1 = [$s0+0]
$v0 = $s1
$s0 = local[0]
$s1 = local[1]
ret

func Element.GetSalary [in 0, out 0, local 2]
local[0] = $s0
local[1] = $s1
$s0 = $a0
$s1 = [$s0+4]
$v0 = $s1
$s0 = local[0]
$s1 = local[1]
ret

func Element.GetMarried [in 0, out 0, local 2]
local[0] = $s0
local[1] = $s1
$s0 = $a0
$s1 = [$s0+8]
$v0 = $s1
$s0 = local[0]
$s1 = local[1]
ret

func Element.Equal [in 0, out 0, local 9]
local[0] = $s0
local[1] = $s1
local[2] = $s2
local[3] = $s3
local[4] = $s4
local[5] = $s5
local[6] = $s6
local[7] = $s7
$s4 = $a0
$s2 = $a1
$s6 = 1
if $s2 goto :null1
Error("null pointer")
null1:
local[8] = $t0
$a0 = $s2
call :Element.GetAge
$t0 = local[8]
$s7 = $v0
$t0 = [$s4+0]
local[8] = $t0
$a0 = $s4
$a1 = $s7
$a2 = $t0
call :Element.Compare
$t0 = local[8]
$s3 = $v0
if $s3 goto :if1_else
$s6 = 0
goto :if1_end
if1_else:
if $s2 goto :null2
Error("null pointer")
null2:
local[8] = $t0
$a0 = $s2
call :Element.GetSalary
$t0 = local[8]
$s3 = $v0
$s7 = [$s4+4]
local[8] = $t0
$a0 = $s4
$a1 = $s3
$a2 = $s7
call :Element.Compare
$t0 = local[8]
$s5 = $v0
if $s5 goto :if2_else
$s6 = 0
goto :if2_end
if2_else:
$s0 = [$s4+8]
if0 $s0 goto :if3_else
if $s2 goto :null3
Error("null pointer")
null3:
local[8] = $t0
$a0 = $s2
call :Element.GetMarried
$t0 = local[8]
$s0 = $v0
if $s0 goto :if4_else
$s6 = 0
goto :if4_end
if4_else:
$s0 = 0
if4_end:
goto :if3_end
if3_else:
if $s2 goto :null4
Error("null pointer")
null4:
local[8] = $t0
$a0 = $s2
call :Element.GetMarried
$t0 = local[8]
$s3 = $v0
if0 $s3 goto :if5_else
$s6 = 0
goto :if5_end
if5_else:
$s0 = 0
if5_end:
if3_end:
if2_end:
if1_end:
$v0 = $s6
$s0 = local[0]
$s1 = local[1]
$s2 = local[2]
$s3 = local[3]
$s4 = local[4]
$s5 = local[5]
$s6 = local[6]
$s7 = local[7]
ret

func Element.Compare [in 0, out 0, local 5]
local[0] = $s0
local[1] = $s1
local[2] = $s2
local[3] = $s3
local[4] = $s4
$s1 = $a0
$s0 = $a1
$s2 = $a2
$s1 = 0
$s3 = Add($s2 1)
$s4 = LtS($s0 $s2)
if0 $s4 goto :if6_else
$s1 = 0
goto :if6_end
if6_else:
$s2 = LtS($s0 $s3)
if $s2 goto :if7_else
$s1 = 0
goto :if7_end
if7_else:
$s1 = 1
if7_end:
if6_end:
$v0 = $s1
$s0 = local[0]
$s1 = local[1]
$s2 = local[2]
$s3 = local[3]
$s4 = local[4]
ret

func List.Init [in 0, out 0, local 1]
local[0] = $s0
$s0 = $a0
[$s0+8] = 1
$v0 = 1
$s0 = local[0]
ret

func List.InitNew [in 0, out 0, local 4]
local[0] = $s0
local[1] = $s1
local[2] = $s2
local[3] = $s3
$s0 = $a0
$s2 = $a1
$s3 = $a2
$s1 = $a3
[$s0+8] = $s1
[$s0+0] = $s2
[$s0+4] = $s3
$v0 = 1
$s0 = local[0]
$s1 = local[1]
$s2 = local[2]
$s3 = local[3]
ret

func List.Insert [in 0, out 0, local 5]
local[0] = $s0
local[1] = $s1
local[2] = $s2
local[3] = $s3
local[4] = $s4
$s1 = $a0
$s2 = $a1
$s3 = $s1
$s4 = HeapAllocZ(12)
if $s4 goto :null5
Error("null pointer")
null5:
$a0 = $s4
$a1 = $s2
$a2 = $s3
$a3 = 0
call :List.InitNew
$s1 = $v0
$v0 = $s4
$s0 = local[0]
$s1 = local[1]
$s2 = local[2]
$s3 = local[3]
$s4 = local[4]
ret

func List.SetNext [in 0, out 0, local 2]
local[0] = $s0
local[1] = $s1
$s0 = $a0
$s1 = $a1
[$s0+4] = $s1
$v0 = 1
$s0 = local[0]
$s1 = local[1]
ret

func List.Delete [in 0, out 0, local 15]
local[0] = $s0
local[1] = $s1
local[2] = $s2
local[3] = $s3
local[4] = $s4
local[5] = $s5
local[6] = $s6
local[7] = $s7
$s3 = $a0
$s5 = $a1
$s7 = $s3
$t0 = 0
$t1 = Sub(0 1)
$t2 = $s3
$t3 = $s3
$t4 = [$s3+8]
$t5 = [$s3+0]
while1_top:
if $t4 goto :ss1_else
$s3 = Sub(1 $t0)
goto :ss1_end
ss1_else:
$s3 = 0
ss1_end:
if0 $s3 goto :while1_end
if $s5 goto :null6
Error("null pointer")
null6:
local[8] = $t0
local[9] = $t1
local[10] = $t2
local[11] = $t3
local[12] = $t4
local[13] = $t5
local[14] = $t6
$a0 = $s5
$a1 = $t5
call :Element.Equal
$t0 = local[8]
$t1 = local[9]
$t2 = local[10]
$t3 = local[11]
$t4 = local[12]
$t5 = local[13]
$t6 = local[14]
$s3 = $v0
if0 $s3 goto :if8_else
$t0 = 1
$s3 = LtS($t1 0)
if0 $s3 goto :if9_else
if $t2 goto :null7
Error("null pointer")
null7:
local[8] = $t0
local[9] = $t1
local[10] = $t2
local[11] = $t3
local[12] = $t4
local[13] = $t5
local[14] = $t6
$a0 = $t2
call :List.GetNext
$t0 = local[8]
$t1 = local[9]
$t2 = local[10]
$t3 = local[11]
$t4 = local[12]
$t5 = local[13]
$t6 = local[14]
$s7 = $v0
goto :if9_end
if9_else:
$s3 = Sub(0 555)
PrintIntS($s3)
if $t3 goto :null8
Error("null pointer")
null8:
if $t2 goto :null9
Error("null pointer")
null9:
local[8] = $t0
local[9] = $t1
local[10] = $t2
local[11] = $t3
local[12] = $t4
local[13] = $t5
local[14] = $t6
$a0 = $t2
call :List.GetNext
$t0 = local[8]
$t1 = local[9]
$t2 = local[10]
$t3 = local[11]
$t4 = local[12]
$t5 = local[13]
$t6 = local[14]
$s3 = $v0
local[8] = $t0
local[9] = $t1
local[10] = $t2
local[11] = $t3
local[12] = $t4
local[13] = $t5
local[14] = $t6
$a0 = $t3
$a1 = $s3
call :List.SetNext
$t0 = local[8]
$t1 = local[9]
$t2 = local[10]
$t3 = local[11]
$t4 = local[12]
$t5 = local[13]
$t6 = local[14]
$t6 = $v0
$t6 = Sub(0 555)
PrintIntS($t6)
if9_end:
goto :if8_end
if8_else:
$s3 = 0
if8_end:
if $t0 goto :if10_else
$t3 = $t2
if $t2 goto :null10
Error("null pointer")
null10:
local[8] = $t0
local[9] = $t1
local[10] = $t2
local[11] = $t3
local[12] = $t4
local[13] = $t5
local[14] = $t6
$a0 = $t2
call :List.GetNext
$t0 = local[8]
$t1 = local[9]
$t2 = local[10]
$t3 = local[11]
$t4 = local[12]
$t5 = local[13]
$t6 = local[14]
$t2 = $v0
if $t2 goto :null11
Error("null pointer")
null11:
local[8] = $t0
local[9] = $t1
local[10] = $t2
local[11] = $t3
local[12] = $t4
local[13] = $t5
local[14] = $t6
$a0 = $t2
call :List.GetEnd
$t0 = local[8]
$t1 = local[9]
$t2 = local[10]
$t3 = local[11]
$t4 = local[12]
$t5 = local[13]
$t6 = local[14]
$t4 = $v0
if $t2 goto :null12
Error("null pointer")
null12:
local[8] = $t0
local[9] = $t1
local[10] = $t2
local[11] = $t3
local[12] = $t4
local[13] = $t5
local[14] = $t6
$a0 = $t2
call :List.GetElem
$t0 = local[8]
$t1 = local[9]
$t2 = local[10]
$t3 = local[11]
$t4 = local[12]
$t5 = local[13]
$t6 = local[14]
$t5 = $v0
$t1 = 1
goto :if10_end
if10_else:
$s3 = 0
if10_end:
goto :while1_top
while1_end:
$v0 = $s7
$s0 = local[0]
$s1 = local[1]
$s2 = local[2]
$s3 = local[3]
$s4 = local[4]
$s5 = local[5]
$s6 = local[6]
$s7 = local[7]
ret

func List.Search [in 0, out 0, local 10]
local[0] = $s0
local[1] = $s1
local[2] = $s2
local[3] = $s3
local[4] = $s4
local[5] = $s5
local[6] = $s6
local[7] = $s7
$s4 = $a0
$s2 = $a1
$s6 = 0
$s7 = $s4
$t0 = [$s4+8]
$t1 = [$s4+0]
while2_top:
$s4 = Sub(1 $t0)
if0 $s4 goto :while2_end
if $s2 goto :null13
Error("null pointer")
null13:
local[8] = $t0
local[9] = $t1
$a0 = $s2
$a1 = $t1
call :Element.Equal
$t0 = local[8]
$t1 = local[9]
$s4 = $v0
if0 $s4 goto :if11_else
$s6 = 1
goto :if11_end
if11_else:
$s4 = 0
if11_end:
if $s7 goto :null14
Error("null pointer")
null14:
local[8] = $t0
local[9] = $t1
$a0 = $s7
call :List.GetNext
$t0 = local[8]
$t1 = local[9]
$s7 = $v0
if $s7 goto :null15
Error("null pointer")
null15:
local[8] = $t0
local[9] = $t1
$a0 = $s7
call :List.GetEnd
$t0 = local[8]
$t1 = local[9]
$t0 = $v0
if $s7 goto :null16
Error("null pointer")
null16:
local[8] = $t0
local[9] = $t1
$a0 = $s7
call :List.GetElem
$t0 = local[8]
$t1 = local[9]
$t1 = $v0
goto :while2_top
while2_end:
$v0 = $s6
$s0 = local[0]
$s1 = local[1]
$s2 = local[2]
$s3 = local[3]
$s4 = local[4]
$s5 = local[5]
$s6 = local[6]
$s7 = local[7]
ret

func List.GetEnd [in 0, out 0, local 2]
local[0] = $s0
local[1] = $s1
$s0 = $a0
$s1 = [$s0+8]
$v0 = $s1
$s0 = local[0]
$s1 = local[1]
ret

func List.GetElem [in 0, out 0, local 2]
local[0] = $s0
local[1] = $s1
$s0 = $a0
$s1 = [$s0+0]
$v0 = $s1
$s0 = local[0]
$s1 = local[1]
ret

func List.GetNext [in 0, out 0, local 2]
local[0] = $s0
local[1] = $s1
$s0 = $a0
$s1 = [$s0+4]
$v0 = $s1
$s0 = local[0]
$s1 = local[1]
ret

func List.Print [in 0, out 0, local 8]
local[0] = $s0
local[1] = $s1
local[2] = $s2
local[3] = $s3
local[4] = $s4
local[5] = $s5
local[6] = $s6
local[7] = $s7
$s2 = $a0
$s5 = $s2
$s6 = [$s2+8]
$s7 = [$s2+0]
while3_top:
$s2 = Sub(1 $s6)
if0 $s2 goto :while3_end
if $s7 goto :null17
Error("null pointer")
null17:
$a0 = $s7
call :Element.GetAge
$s2 = $v0
PrintIntS($s2)
if $s5 goto :null18
Error("null pointer")
null18:
$a0 = $s5
call :List.GetNext
$s5 = $v0
if $s5 goto :null19
Error("null pointer")
null19:
$a0 = $s5
call :List.GetEnd
$s6 = $v0
if $s5 goto :null20
Error("null pointer")
null20:
$a0 = $s5
call :List.GetElem
$s7 = $v0
goto :while3_top
while3_end:
$v0 = 1
$s0 = local[0]
$s1 = local[1]
$s2 = local[2]
$s3 = local[3]
$s4 = local[4]
$s5 = local[5]
$s6 = local[6]
$s7 = local[7]
ret

func LL.Start [in 0, out 0, local 11]
local[0] = $s0
local[1] = $s1
local[2] = $s2
local[3] = $s3
local[4] = $s4
local[5] = $s5
local[6] = $s6
local[7] = $s7
$s3 = $a0
$s3 = HeapAllocZ(12)
if $s3 goto :null21
Error("null pointer")
null21:
local[8] = $t0
local[9] = $t1
local[10] = $t2
$a0 = $s3
call :List.Init
$t0 = local[8]
$t1 = local[9]
$t2 = local[10]
$s7 = $v0
$t0 = $s3
if $t0 goto :null22
Error("null pointer")
null22:
local[8] = $t0
local[9] = $t1
local[10] = $t2
$a0 = $t0
call :List.Init
$t0 = local[8]
$t1 = local[9]
$t2 = local[10]
$s7 = $v0
if $t0 goto :null23
Error("null pointer")
null23:
local[8] = $t0
local[9] = $t1
local[10] = $t2
$a0 = $t0
call :List.Print
$t0 = local[8]
$t1 = local[9]
$t2 = local[10]
$s7 = $v0
$s1 = HeapAllocZ(12)
if $s1 goto :null24
Error("null pointer")
null24:
local[8] = $t0
local[9] = $t1
local[10] = $t2
$a0 = $s1
$a1 = 25
$a2 = 37000
$a3 = 0
call :Element.Init
$t0 = local[8]
$t1 = local[9]
$t2 = local[10]
$s7 = $v0
if $t0 goto :null25
Error("null pointer")
null25:
local[8] = $t0
local[9] = $t1
local[10] = $t2
$a0 = $t0
$a1 = $s1
call :List.Insert
$t0 = local[8]
$t1 = local[9]
$t2 = local[10]
$t0 = $v0
if $t0 goto :null26
Error("null pointer")
null26:
local[8] = $t0
local[9] = $t1
local[10] = $t2
$a0 = $t0
call :List.Print
$t0 = local[8]
$t1 = local[9]
$t2 = local[10]
$s7 = $v0
PrintIntS(10000000)
$s1 = HeapAllocZ(12)
if $s1 goto :null27
Error("null pointer")
null27:
local[8] = $t0
local[9] = $t1
local[10] = $t2
$a0 = $s1
$a1 = 39
$a2 = 42000
$a3 = 1
call :Element.Init
$t0 = local[8]
$t1 = local[9]
$t2 = local[10]
$s7 = $v0
$s3 = $s1
if $t0 goto :null28
Error("null pointer")
null28:
local[8] = $t0
local[9] = $t1
local[10] = $t2
$a0 = $t0
$a1 = $s1
call :List.Insert
$t0 = local[8]
$t1 = local[9]
$t2 = local[10]
$t0 = $v0
if $t0 goto :null29
Error("null pointer")
null29:
local[8] = $t0
local[9] = $t1
local[10] = $t2
$a0 = $t0
call :List.Print
$t0 = local[8]
$t1 = local[9]
$t2 = local[10]
$s7 = $v0
PrintIntS(10000000)
$s1 = HeapAllocZ(12)
if $s1 goto :null30
Error("null pointer")
null30:
local[8] = $t0
local[9] = $t1
local[10] = $t2
$a0 = $s1
$a1 = 22
$a2 = 34000
$a3 = 0
call :Element.Init
$t0 = local[8]
$t1 = local[9]
$t2 = local[10]
$s7 = $v0
if $t0 goto :null31
Error("null pointer")
null31:
local[8] = $t0
local[9] = $t1
local[10] = $t2
$a0 = $t0
$a1 = $s1
call :List.Insert
$t0 = local[8]
$t1 = local[9]
$t2 = local[10]
$t0 = $v0
if $t0 goto :null32
Error("null pointer")
null32:
local[8] = $t0
local[9] = $t1
local[10] = $t2
$a0 = $t0
call :List.Print
$t0 = local[8]
$t1 = local[9]
$t2 = local[10]
$s7 = $v0
$t1 = HeapAllocZ(12)
if $t1 goto :null33
Error("null pointer")
null33:
local[8] = $t0
local[9] = $t1
local[10] = $t2
$a0 = $t1
$a1 = 27
$a2 = 34000
$a3 = 0
call :Element.Init
$t0 = local[8]
$t1 = local[9]
$t2 = local[10]
$s7 = $v0
if $t0 goto :null34
Error("null pointer")
null34:
local[8] = $t0
local[9] = $t1
local[10] = $t2
$a0 = $t0
$a1 = $s3
call :List.Search
$t0 = local[8]
$t1 = local[9]
$t2 = local[10]
$t2 = $v0
PrintIntS($t2)
if $t0 goto :null35
Error("null pointer")
null35:
local[8] = $t0
local[9] = $t1
local[10] = $t2
$a0 = $t0
$a1 = $t1
call :List.Search
$t0 = local[8]
$t1 = local[9]
$t2 = local[10]
$t2 = $v0
PrintIntS($t2)
PrintIntS(10000000)
$s1 = HeapAllocZ(12)
if $s1 goto :null36
Error("null pointer")
null36:
local[8] = $t0
local[9] = $t1
local[10] = $t2
$a0 = $s1
$a1 = 28
$a2 = 35000
$a3 = 0
call :Element.Init
$t0 = local[8]
$t1 = local[9]
$t2 = local[10]
$s7 = $v0
if $t0 goto :null37
Error("null pointer")
null37:
local[8] = $t0
local[9] = $t1
local[10] = $t2
$a0 = $t0
$a1 = $s1
call :List.Insert
$t0 = local[8]
$t1 = local[9]
$t2 = local[10]
$t0 = $v0
if $t0 goto :null38
Error("null pointer")
null38:
local[8] = $t0
local[9] = $t1
local[10] = $t2
$a0 = $t0
call :List.Print
$t0 = local[8]
$t1 = local[9]
$t2 = local[10]
$s7 = $v0
PrintIntS(2220000)
if $t0 goto :null39
Error("null pointer")
null39:
local[8] = $t0
local[9] = $t1
local[10] = $t2
$a0 = $t0
$a1 = $s3
call :List.Delete
$t0 = local[8]
$t1 = local[9]
$t2 = local[10]
$t0 = $v0
if $t0 goto :null40
Error("null pointer")
null40:
local[8] = $t0
local[9] = $t1
local[10] = $t2
$a0 = $t0
call :List.Print
$t0 = local[8]
$t1 = local[9]
$t2 = local[10]
$s7 = $v0
PrintIntS(33300000)
if $t0 goto :null41
Error("null pointer")
null41:
local[8] = $t0
local[9] = $t1
local[10] = $t2
$a0 = $t0
$a1 = $s1
call :List.Delete
$t0 = local[8]
$t1 = local[9]
$t2 = local[10]
$t0 = $v0
if $t0 goto :null42
Error("null pointer")
null42:
local[8] = $t0
local[9] = $t1
local[10] = $t2
$a0 = $t0
call :List.Print
$t0 = local[8]
$t1 = local[9]
$t2 = local[10]
$s7 = $v0
PrintIntS(44440000)
$v0 = 0
$s0 = local[0]
$s1 = local[1]
$s2 = local[2]
$s3 = local[3]
$s4 = local[4]
$s5 = local[5]
$s6 = local[6]
$s7 = local[7]
ret

