const empty_MT4

func Main [in 0, out 3, local 2]
local[0] = $s0
local[1] = $s1
$a0 = :empty_MT4
$a1 = 1
$a2 = 2
$a3 = 3
out[0] = 4
out[1] = 5
out[2] = 6
call :MT4.Start
$s1 = $v0
PrintIntS($s1)
$s0 = local[0]
$s1 = local[1]
ret

func MT4.Start [in 3, out 3, local 9]
local[0] = $s0
local[1] = $s1
local[2] = $s2
local[3] = $s3
local[4] = $s4
local[5] = $s5
local[6] = $s6
local[7] = $s7
$s7 = $a0
$s4 = $a1
$s1 = $a2
$s6 = $a3
$s2 = in[0]
$s5 = in[1]
$s3 = in[2]
PrintIntS($s4)
PrintIntS($s1)
PrintIntS($s6)
PrintIntS($s2)
PrintIntS($s5)
PrintIntS($s3)
local[8] = $t0
$a0 = $s7
$a1 = $s3
$a2 = $s5
$a3 = $s2
out[0] = $s6
out[1] = $s1
out[2] = $s4
call :MT4.Change
$t0 = local[8]
$t0 = $v0
$v0 = $t0
$s0 = local[0]
$s1 = local[1]
$s2 = local[2]
$s3 = local[3]
$s4 = local[4]
$s5 = local[5]
$s6 = local[6]
$s7 = local[7]
ret

func MT4.Change [in 3, out 0, local 7]
local[0] = $s0
local[1] = $s1
local[2] = $s2
local[3] = $s3
local[4] = $s4
local[5] = $s5
local[6] = $s6
$s3 = $a0
$s0 = $a1
$s4 = $a2
$s1 = $a3
$s6 = in[0]
$s2 = in[1]
$s5 = in[2]
PrintIntS($s0)
PrintIntS($s4)
PrintIntS($s1)
PrintIntS($s6)
PrintIntS($s2)
PrintIntS($s5)
$v0 = 0
$s0 = local[0]
$s1 = local[1]
$s2 = local[2]
$s3 = local[3]
$s4 = local[4]
$s5 = local[5]
$s6 = local[6]
ret

