const vmt_QS
    :QS.Start
    :QS.Sort
    :QS.Print
    :QS.Init

func Main [in 0, out 0, local 3]
local[0] = $s0
local[1] = $s1
local[2] = $s2
$s0 = HeapAllocZ(12)
[$s0+0] = :vmt_QS
if $s0 goto :null1
Error("null pointer")
null1:
$s1 = [$s0+0]
$s1 = [$s1+0]
$a0 = $s0
$a1 = 10
call $s1
$s2 = $v0
PrintIntS($s2)
$s0 = local[0]
$s1 = local[1]
$s2 = local[2]
ret

func QS.Start [in 0, out 0, local 5]
local[0] = $s0
local[1] = $s1
local[2] = $s2
local[3] = $s3
local[4] = $s4
$s1 = $a0
$s0 = $a1
$s2 = [$s1+0]
$s2 = [$s2+12]
$a0 = $s1
$a1 = $s0
call $s2
$s3 = $v0
$s4 = [$s1+0]
$s4 = [$s4+8]
$a0 = $s1
call $s4
$s3 = $v0
PrintIntS(9999)
$s0 = [$s1+8]
$s3 = Sub($s0 1)
$s0 = [$s1+0]
$s0 = [$s0+4]
$a0 = $s1
$a1 = 0
$a2 = $s3
call $s0
$s3 = $v0
$s2 = [$s1+0]
$s2 = [$s2+8]
$a0 = $s1
call $s2
$s3 = $v0
$v0 = 0
$s0 = local[0]
$s1 = local[1]
$s2 = local[2]
$s3 = local[3]
$s4 = local[4]
ret

func QS.Sort [in 0, out 0, local 12]
local[0] = $s0
local[1] = $s1
local[2] = $s2
local[3] = $s3
local[4] = $s4
local[5] = $s5
local[6] = $s6
local[7] = $s7
$s1 = $a0
$s0 = $a1
$s2 = $a2
$s3 = 0
$s4 = LtS($s0 $s2)
if0 $s4 goto :if1_else
$s5 = [$s1+4]
if $s5 goto :null2
Error("null pointer")
null2:
$s4 = [$s5+0]
$s4 = Lt($s2 $s4)
if $s4 goto :bounds1
Error("array index out of bounds")
bounds1:
$s4 = MulS($s2 4)
$s4 = Add($s4 $s5)
$s6 = [$s4+4]
$s5 = Sub($s0 1)
$s4 = $s2
$s7 = 1
while1_top:
if0 $s7 goto :while1_end
$t0 = 1
while2_top:
if0 $t0 goto :while2_end
$s5 = Add($s5 1)
$t1 = [$s1+4]
if $t1 goto :null3
Error("null pointer")
null3:
$t2 = [$t1+0]
$t2 = Lt($s5 $t2)
if $t2 goto :bounds2
Error("array index out of bounds")
bounds2:
$t2 = MulS($s5 4)
$t2 = Add($t2 $t1)
$t3 = [$t2+4]
$t1 = LtS($t3 $s6)
$t2 = Sub(1 $t1)
if0 $t2 goto :if2_else
$t0 = 0
goto :if2_end
if2_else:
$t0 = 1
if2_end:
goto :while2_top
while2_end:
$t0 = 1
while3_top:
if0 $t0 goto :while3_end
$s4 = Sub($s4 1)
$t1 = [$s1+4]
if $t1 goto :null4
Error("null pointer")
null4:
$t2 = [$t1+0]
$t2 = Lt($s4 $t2)
if $t2 goto :bounds3
Error("array index out of bounds")
bounds3:
$t2 = MulS($s4 4)
$t2 = Add($t2 $t1)
$t3 = [$t2+4]
$t1 = LtS($s6 $t3)
$t2 = Sub(1 $t1)
if0 $t2 goto :if3_else
$t0 = 0
goto :if3_end
if3_else:
$t0 = 1
if3_end:
goto :while3_top
while3_end:
$t0 = [$s1+4]
if $t0 goto :null5
Error("null pointer")
null5:
$t1 = [$t0+0]
$t1 = Lt($s5 $t1)
if $t1 goto :bounds4
Error("array index out of bounds")
bounds4:
$t1 = MulS($s5 4)
$t1 = Add($t1 $t0)
$s3 = [$t1+4]
$t0 = [$s1+4]
if $t0 goto :null6
Error("null pointer")
null6:
$t1 = [$t0+0]
$t1 = Lt($s5 $t1)
if $t1 goto :bounds5
Error("array index out of bounds")
bounds5:
$t1 = MulS($s5 4)
$t1 = Add($t1 $t0)
$t2 = [$s1+4]
if $t2 goto :null7
Error("null pointer")
null7:
$t0 = [$t2+0]
$t0 = Lt($s4 $t0)
if $t0 goto :bounds6
Error("array index out of bounds")
bounds6:
$t0 = MulS($s4 4)
$t0 = Add($t0 $t2)
$t3 = [$t0+4]
[$t1+4] = $t3
$t0 = [$s1+4]
if $t0 goto :null8
Error("null pointer")
null8:
$t1 = [$t0+0]
$t1 = Lt($s4 $t1)
if $t1 goto :bounds7
Error("array index out of bounds")
bounds7:
$t1 = MulS($s4 4)
$t1 = Add($t1 $t0)
[$t1+4] = $s3
$t0 = Add($s5 1)
$t1 = LtS($s4 $t0)
if0 $t1 goto :if4_else
$s7 = 0
goto :if4_end
if4_else:
$s7 = 1
if4_end:
goto :while1_top
while1_end:
$s6 = [$s1+4]
if $s6 goto :null9
Error("null pointer")
null9:
$s7 = [$s6+0]
$s7 = Lt($s4 $s7)
if $s7 goto :bounds8
Error("array index out of bounds")
bounds8:
$s7 = MulS($s4 4)
$s7 = Add($s7 $s6)
$s4 = [$s1+4]
if $s4 goto :null10
Error("null pointer")
null10:
$s6 = [$s4+0]
$s6 = Lt($s5 $s6)
if $s6 goto :bounds9
Error("array index out of bounds")
bounds9:
$s6 = MulS($s5 4)
$s6 = Add($s6 $s4)
$t0 = [$s6+4]
[$s7+4] = $t0
$s4 = [$s1+4]
if $s4 goto :null11
Error("null pointer")
null11:
$s6 = [$s4+0]
$s6 = Lt($s5 $s6)
if $s6 goto :bounds10
Error("array index out of bounds")
bounds10:
$s6 = MulS($s5 4)
$s6 = Add($s6 $s4)
$s7 = [$s1+4]
if $s7 goto :null12
Error("null pointer")
null12:
$s4 = [$s7+0]
$s4 = Lt($s2 $s4)
if $s4 goto :bounds11
Error("array index out of bounds")
bounds11:
$s4 = MulS($s2 4)
$s4 = Add($s4 $s7)
$t0 = [$s4+4]
[$s6+4] = $t0
$s4 = [$s1+4]
if $s4 goto :null13
Error("null pointer")
null13:
$s6 = [$s4+0]
$s6 = Lt($s2 $s6)
if $s6 goto :bounds12
Error("array index out of bounds")
bounds12:
$s6 = MulS($s2 4)
$s6 = Add($s6 $s4)
[$s6+4] = $s3
$s4 = [$s1+0]
$s4 = [$s4+4]
$s3 = Sub($s5 1)
local[8] = $t0
local[9] = $t1
local[10] = $t2
local[11] = $t3
$a0 = $s1
$a1 = $s0
$a2 = $s3
call $s4
$t0 = local[8]
$t1 = local[9]
$t2 = local[10]
$t3 = local[11]
$s6 = $v0
$s7 = [$s1+0]
$s7 = [$s7+4]
$s0 = Add($s5 1)
local[8] = $t0
local[9] = $t1
local[10] = $t2
local[11] = $t3
$a0 = $s1
$a1 = $s0
$a2 = $s2
call $s7
$t0 = local[8]
$t1 = local[9]
$t2 = local[10]
$t3 = local[11]
$s6 = $v0
goto :if1_end
if1_else:
$s6 = 0
if1_end:
$v0 = 0
$s0 = local[0]
$s1 = local[1]
$s2 = local[2]
$s3 = local[3]
$s4 = local[4]
$s5 = local[5]
$s6 = local[6]
$s7 = local[7]
ret

func QS.Print [in 0, out 0, local 5]
local[0] = $s0
local[1] = $s1
local[2] = $s2
local[3] = $s3
local[4] = $s4
$s0 = $a0
$s1 = 0
while4_top:
$s2 = [$s0+8]
$s3 = LtS($s1 $s2)
if0 $s3 goto :while4_end
$s2 = [$s0+4]
if $s2 goto :null14
Error("null pointer")
null14:
$s3 = [$s2+0]
$s3 = Lt($s1 $s3)
if $s3 goto :bounds13
Error("array index out of bounds")
bounds13:
$s3 = MulS($s1 4)
$s3 = Add($s3 $s2)
$s4 = [$s3+4]
PrintIntS($s4)
$s1 = Add($s1 1)
goto :while4_top
while4_end:
$v0 = 0
$s0 = local[0]
$s1 = local[1]
$s2 = local[2]
$s3 = local[3]
$s4 = local[4]
ret

func QS.Init [in 0, out 0, local 4]
local[0] = $s0
local[1] = $s1
local[2] = $s2
local[3] = $s3
$s1 = $a0
$s2 = $a1
[$s1+8] = $s2
$a0 = $s2
call :AllocArray
$s3 = $v0
[$s1+4] = $s3
$s0 = [$s1+4]
if $s0 goto :null15
Error("null pointer")
null15:
$s2 = [$s0+0]
$s2 = Lt(0 $s2)
if $s2 goto :bounds14
Error("array index out of bounds")
bounds14:
$s2 = MulS(0 4)
$s2 = Add($s2 $s0)
[$s2+4] = 20
$s0 = [$s1+4]
if $s0 goto :null16
Error("null pointer")
null16:
$s2 = [$s0+0]
$s2 = Lt(1 $s2)
if $s2 goto :bounds15
Error("array index out of bounds")
bounds15:
$s2 = MulS(1 4)
$s2 = Add($s2 $s0)
[$s2+4] = 7
$s0 = [$s1+4]
if $s0 goto :null17
Error("null pointer")
null17:
$s2 = [$s0+0]
$s2 = Lt(2 $s2)
if $s2 goto :bounds16
Error("array index out of bounds")
bounds16:
$s2 = MulS(2 4)
$s2 = Add($s2 $s0)
[$s2+4] = 12
$s0 = [$s1+4]
if $s0 goto :null18
Error("null pointer")
null18:
$s2 = [$s0+0]
$s2 = Lt(3 $s2)
if $s2 goto :bounds17
Error("array index out of bounds")
bounds17:
$s2 = MulS(3 4)
$s2 = Add($s2 $s0)
[$s2+4] = 18
$s0 = [$s1+4]
if $s0 goto :null19
Error("null pointer")
null19:
$s2 = [$s0+0]
$s2 = Lt(4 $s2)
if $s2 goto :bounds18
Error("array index out of bounds")
bounds18:
$s2 = MulS(4 4)
$s2 = Add($s2 $s0)
[$s2+4] = 2
$s0 = [$s1+4]
if $s0 goto :null20
Error("null pointer")
null20:
$s2 = [$s0+0]
$s2 = Lt(5 $s2)
if $s2 goto :bounds19
Error("array index out of bounds")
bounds19:
$s2 = MulS(5 4)
$s2 = Add($s2 $s0)
[$s2+4] = 11
$s0 = [$s1+4]
if $s0 goto :null21
Error("null pointer")
null21:
$s2 = [$s0+0]
$s2 = Lt(6 $s2)
if $s2 goto :bounds20
Error("array index out of bounds")
bounds20:
$s2 = MulS(6 4)
$s2 = Add($s2 $s0)
[$s2+4] = 6
$s0 = [$s1+4]
if $s0 goto :null22
Error("null pointer")
null22:
$s2 = [$s0+0]
$s2 = Lt(7 $s2)
if $s2 goto :bounds21
Error("array index out of bounds")
bounds21:
$s2 = MulS(7 4)
$s2 = Add($s2 $s0)
[$s2+4] = 9
$s0 = [$s1+4]
if $s0 goto :null23
Error("null pointer")
null23:
$s2 = [$s0+0]
$s2 = Lt(8 $s2)
if $s2 goto :bounds22
Error("array index out of bounds")
bounds22:
$s2 = MulS(8 4)
$s2 = Add($s2 $s0)
[$s2+4] = 19
$s0 = [$s1+4]
if $s0 goto :null24
Error("null pointer")
null24:
$s1 = [$s0+0]
$s1 = Lt(9 $s1)
if $s1 goto :bounds23
Error("array index out of bounds")
bounds23:
$s1 = MulS(9 4)
$s1 = Add($s1 $s0)
[$s1+4] = 5
$v0 = 0
$s0 = local[0]
$s1 = local[1]
$s2 = local[2]
$s3 = local[3]
ret

func AllocArray [in 0, out 0, local 3]
local[0] = $s0
local[1] = $s1
local[2] = $s2
$s0 = $a0
$s1 = MulS($s0 4)
$s1 = Add($s1 4)
$s2 = HeapAllocZ($s1)
[$s2+0] = $s0
$v0 = $s2
$s0 = local[0]
$s1 = local[1]
$s2 = local[2]
ret

